[2026-09-12 15:00:45,620: INFO: __init__: Logging setup successfully complete ho gaya hai!]
[2026-09-12 15:00:45,621: INFO: main: Welcoem to our custom log]
[2026-09-12 15:01:09,395: INFO: __init__: Logging setup successfully complete ho gaya hai!]
[2026-09-12 15:01:09,395: INFO: main: Welcoem to our custom log]
[2026-09-12 15:01:13,236: INFO: __init__: Logging setup successfully complete ho gaya hai!]
[2026-09-12 15:01:13,236: INFO: main: Welcoem to our custom log]
[2026-09-12 15:01:22,373: INFO: __init__: Logging setup successfully complete ho gaya hai!]
[2026-09-12 15:01:22,374: INFO: main: Welcoem to our custom log]
[2026-09-12 17:29:52,346: INFO: __init__: Logging setup successfully complete ho gaya hai!]
[2026-09-12 17:29:52,346: INFO: main: Welcoem to our custom log]
[2026-09-12 22:09:32,341: INFO: __init__: Logging setup successfully complete ho gaya hai!]
[2026-09-12 22:09:37,706: INFO: __init__: Logging setup successfully complete ho gaya hai!]
[2026-09-12 22:09:37,706: INFO: main: Welcoem to our custom log]
[2026-09-12 22:09:45,776: INFO: __init__: Logging setup successfully complete ho gaya hai!]
[2026-09-12 22:09:45,777: INFO: main: Welcoem to our custom log]
[2026-09-12 22:09:59,409: INFO: __init__: Logging setup successfully complete ho gaya hai!]
[2026-09-12 22:09:59,409: INFO: main: Welcoem to our custom log]
[2026-09-13 08:13:31,997: INFO: __init__: Logging setup successfully complete ho gaya hai!]
[2026-09-13 09:31:46,074: INFO: common: yaml file: config\config.yaml loaded successfully]
[2026-09-13 09:31:46,089: INFO: common: yaml file: params.yaml loaded successfully]
[2026-09-13 09:31:46,092: INFO: common: created directory at: artifacts]
[2026-09-13 09:31:46,096: INFO: common: created directory at: artifacts/data_ingestion]
[2026-09-13 09:31:50,480: INFO: common: yaml file: config\config.yaml loaded successfully]
[2026-09-13 09:31:50,484: INFO: common: yaml file: params.yaml loaded successfully]
[2026-09-13 09:31:50,489: INFO: common: created directory at: artifacts]
[2026-09-13 09:31:50,492: INFO: common: created directory at: artifacts/data_ingestion]
[2026-09-13 09:32:47,346: INFO: common: yaml file: config\config.yaml loaded successfully]
[2026-09-13 09:32:47,349: INFO: common: yaml file: params.yaml loaded successfully]
[2026-09-13 09:32:47,350: INFO: common: created directory at: artifacts]
[2026-09-13 09:32:47,353: INFO: common: created directory at: artifacts/data_ingestion]
[2026-09-13 09:32:47,355: INFO: 986331348: Downloading data from https://drive.google.com/file/d/1vlhZ5c7abUKF8xXERIw6m9Te8fW7ohw3/view?usp=sharing into file artifacts/data_ingestion/data.zip]
[2026-09-13 09:32:56,058: INFO: 986331348: Downloaded data from https://drive.google.com/file/d/1vlhZ5c7abUKF8xXERIw6m9Te8fW7ohw3/view?usp=sharing into file artifacts/data_ingestion/data.zip]
[2026-09-13 10:03:23,131: INFO: __init__: Logging setup successfully complete ho gaya hai!]
[2026-09-13 10:03:33,102: INFO: __init__: Logging setup successfully complete ho gaya hai!]
[2026-09-13 10:04:34,932: INFO: __init__: Logging setup successfully complete ho gaya hai!]
[2026-09-13 10:04:37,400: INFO: main: >>>>>> stage Data Ingestion satge started <<<<<<]
[2026-09-13 10:04:37,403: INFO: common: yaml file: config\config.yaml loaded successfully]
[2026-09-13 10:04:37,405: INFO: common: yaml file: params.yaml loaded successfully]
[2026-09-13 10:04:37,409: INFO: common: created directory at: artifacts]
[2026-09-13 10:04:37,411: INFO: common: created directory at: artifacts/data_ingestion]
[2026-09-13 10:04:37,413: INFO: data_ingestion: Downloading data from https://drive.google.com/file/d/1vlhZ5c7abUKF8xXERIw6m9Te8fW7ohw3/view?usp=sharing into file artifacts/data_ingestion/data.zip]
[2026-09-13 10:04:50,348: INFO: data_ingestion: Downloaded data from https://drive.google.com/file/d/1vlhZ5c7abUKF8xXERIw6m9Te8fW7ohw3/view?usp=sharing into file artifacts/data_ingestion/data.zip]
[2026-09-13 10:04:52,430: INFO: main: >>>>>> stage Data Ingestion satge completed <<<<<<

x==========x]
[2026-09-13 10:05:28,419: INFO: __init__: Logging setup successfully complete ho gaya hai!]
[2026-09-13 10:05:30,918: INFO: main: >>>>>> stage Data Ingestion satge started <<<<<<]
[2026-09-13 10:05:30,921: INFO: common: yaml file: config\config.yaml loaded successfully]
[2026-09-13 10:05:30,923: INFO: common: yaml file: params.yaml loaded successfully]
[2026-09-13 10:05:30,925: INFO: common: created directory at: artifacts]
[2026-09-13 10:05:30,927: INFO: common: created directory at: artifacts/data_ingestion]
[2026-09-13 10:05:30,929: INFO: data_ingestion: Downloading data from https://drive.google.com/file/d/1vlhZ5c7abUKF8xXERIw6m9Te8fW7ohw3/view?usp=sharing into file artifacts/data_ingestion/data.zip]
[2026-09-13 10:05:42,627: INFO: data_ingestion: Downloaded data from https://drive.google.com/file/d/1vlhZ5c7abUKF8xXERIw6m9Te8fW7ohw3/view?usp=sharing into file artifacts/data_ingestion/data.zip]
[2026-09-13 10:05:44,444: INFO: main: >>>>>> stage Data Ingestion satge completed <<<<<<

x==========x]
[2026-09-13 10:58:37,232: INFO: __init__: Logging setup successfully complete ho gaya hai!]
[2026-09-13 12:10:26,132: INFO: common: yaml file: config\config.yaml loaded successfully]
[2026-09-13 12:10:26,141: INFO: common: yaml file: params.yaml loaded successfully]
[2026-09-13 12:10:26,146: INFO: common: created directory at: artifacts]
[2026-09-13 12:10:52,615: INFO: __init__: Logging setup successfully complete ho gaya hai!]
[2026-09-13 12:10:54,251: INFO: common: yaml file: config\config.yaml loaded successfully]
[2026-09-13 12:10:54,256: INFO: common: yaml file: params.yaml loaded successfully]
[2026-09-13 12:10:54,257: INFO: common: created directory at: artifacts]
[2026-09-13 12:11:10,002: INFO: common: yaml file: config\config.yaml loaded successfully]
[2026-09-13 12:11:10,010: INFO: common: yaml file: params.yaml loaded successfully]
[2026-09-13 12:11:10,012: INFO: common: created directory at: artifacts]
[2026-09-13 12:11:10,017: INFO: common: created directory at: artifacts/prepare_base_model]
[2026-09-13 12:11:23,610: WARNING: saving_utils: Compiled the loaded model, but the compiled metrics have yet to be built. `model.compile_metrics` will be empty until you train or evaluate the model.]
[2026-09-13 12:31:39,424: INFO: __init__: Logging setup successfully complete ho gaya hai!]
[2026-09-13 12:31:59,576: INFO: main: >>>>>> stage Data Ingestion satge started <<<<<<]
[2026-09-13 12:31:59,582: INFO: common: yaml file: config\config.yaml loaded successfully]
[2026-09-13 12:31:59,586: INFO: common: yaml file: params.yaml loaded successfully]
[2026-09-13 12:31:59,592: INFO: common: created directory at: artifacts]
[2026-09-13 12:31:59,598: INFO: common: created directory at: artifacts/data_ingestion]
[2026-09-13 12:31:59,601: INFO: data_ingestion: Downloading data from https://drive.google.com/file/d/1vlhZ5c7abUKF8xXERIw6m9Te8fW7ohw3/view?usp=sharing into file artifacts/data_ingestion/data.zip]
[2026-09-13 12:32:09,779: INFO: data_ingestion: Downloaded data from https://drive.google.com/file/d/1vlhZ5c7abUKF8xXERIw6m9Te8fW7ohw3/view?usp=sharing into file artifacts/data_ingestion/data.zip]
[2026-09-13 12:32:11,887: INFO: main: >>>>>> stage Data Ingestion satge completed <<<<<<

x==========x]
[2026-09-13 12:32:11,888: INFO: main: *******************]
[2026-09-13 12:32:11,888: INFO: main: >>>>>> stage Prepare base model started <<<<<<]
[2026-09-13 12:32:11,893: INFO: common: yaml file: config\config.yaml loaded successfully]
[2026-09-13 12:32:11,896: INFO: common: yaml file: params.yaml loaded successfully]
[2026-09-13 12:32:11,898: INFO: common: created directory at: artifacts]
[2026-09-13 12:32:11,900: INFO: common: created directory at: artifacts/prepare_base_model]
[2026-09-13 12:32:13,780: WARNING: saving_utils: Compiled the loaded model, but the compiled metrics have yet to be built. `model.compile_metrics` will be empty until you train or evaluate the model.]
[2026-09-13 12:32:14,222: INFO: main: >>>>>> stage Prepare base model completed <<<<<<

x==========x]
[2026-09-13 19:17:37,049: INFO: __init__: Logging setup successfully complete ho gaya hai!]
[2026-09-13 20:09:44,167: INFO: common: yaml file: config\config.yaml loaded successfully]
[2026-09-13 20:09:44,196: INFO: common: yaml file: params.yaml loaded successfully]
[2026-09-13 20:09:44,201: INFO: common: created directory at: artifacts]
[2026-09-13 20:09:44,205: INFO: common: created directory at: artifacts\training]
[2026-09-13 20:24:27,567: INFO: __init__: Logging setup successfully complete ho gaya hai!]
[2026-09-13 20:24:46,383: INFO: main: >>>>>> stage Data Ingestion satge started <<<<<<]
[2026-09-13 20:24:46,390: INFO: common: yaml file: config\config.yaml loaded successfully]
[2026-09-13 20:24:46,396: INFO: common: yaml file: params.yaml loaded successfully]
[2026-09-13 20:24:46,399: INFO: common: created directory at: artifacts]
[2026-09-13 20:24:46,405: INFO: common: created directory at: artifacts/data_ingestion]
[2026-09-13 20:24:46,408: INFO: data_ingestion: Downloading data from https://drive.google.com/file/d/1vlhZ5c7abUKF8xXERIw6m9Te8fW7ohw3/view?usp=sharing into file artifacts/data_ingestion/data.zip]
[2026-09-13 20:24:56,868: INFO: data_ingestion: Downloaded data from https://drive.google.com/file/d/1vlhZ5c7abUKF8xXERIw6m9Te8fW7ohw3/view?usp=sharing into file artifacts/data_ingestion/data.zip]
[2026-09-13 20:24:58,583: INFO: main: >>>>>> stage Data Ingestion satge completed <<<<<<

x==========x]
[2026-09-13 20:24:58,584: INFO: main: *******************]
[2026-09-13 20:24:58,584: INFO: main: >>>>>> stage Prepare base model started <<<<<<]
[2026-09-13 20:24:58,588: INFO: common: yaml file: config\config.yaml loaded successfully]
[2026-09-13 20:24:58,590: INFO: common: yaml file: params.yaml loaded successfully]
[2026-09-13 20:24:58,592: INFO: common: created directory at: artifacts]
[2026-09-13 20:24:58,594: INFO: common: created directory at: artifacts/prepare_base_model]
[2026-09-13 20:24:59,482: WARNING: saving_utils: Compiled the loaded model, but the compiled metrics have yet to be built. `model.compile_metrics` will be empty until you train or evaluate the model.]
[2026-09-13 20:24:59,986: INFO: main: >>>>>> stage Prepare base model completed <<<<<<

x==========x]
[2026-09-13 20:25:31,324: INFO: __init__: Logging setup successfully complete ho gaya hai!]
[2026-09-13 20:25:45,743: INFO: __init__: Logging setup successfully complete ho gaya hai!]
[2026-09-13 20:26:36,332: INFO: __init__: Logging setup successfully complete ho gaya hai!]
[2026-09-13 20:26:53,007: INFO: main: >>>>>> stage Data Ingestion satge started <<<<<<]
[2026-09-13 20:26:53,012: INFO: common: yaml file: config\config.yaml loaded successfully]
[2026-09-13 20:26:53,017: INFO: common: yaml file: params.yaml loaded successfully]
[2026-09-13 20:26:53,019: INFO: common: created directory at: artifacts]
[2026-09-13 20:26:53,021: INFO: common: created directory at: artifacts/data_ingestion]
[2026-09-13 20:26:53,023: INFO: data_ingestion: Downloading data from https://drive.google.com/file/d/1vlhZ5c7abUKF8xXERIw6m9Te8fW7ohw3/view?usp=sharing into file artifacts/data_ingestion/data.zip]
[2026-09-13 20:27:13,607: INFO: data_ingestion: Downloaded data from https://drive.google.com/file/d/1vlhZ5c7abUKF8xXERIw6m9Te8fW7ohw3/view?usp=sharing into file artifacts/data_ingestion/data.zip]
[2026-09-13 20:27:16,325: INFO: main: >>>>>> stage Data Ingestion satge completed <<<<<<

x==========x]
[2026-09-13 20:27:16,326: INFO: main: *******************]
[2026-09-13 20:27:16,327: INFO: main: >>>>>> stage Prepare base model started <<<<<<]
[2026-09-13 20:27:16,332: INFO: common: yaml file: config\config.yaml loaded successfully]
[2026-09-13 20:27:16,339: INFO: common: yaml file: params.yaml loaded successfully]
[2026-09-13 20:27:16,341: INFO: common: created directory at: artifacts]
[2026-09-13 20:27:16,343: INFO: common: created directory at: artifacts/prepare_base_model]
[2026-09-13 20:27:17,637: WARNING: saving_utils: Compiled the loaded model, but the compiled metrics have yet to be built. `model.compile_metrics` will be empty until you train or evaluate the model.]
[2026-09-13 20:27:18,282: INFO: main: >>>>>> stage Prepare base model completed <<<<<<

x==========x]
[2026-09-13 20:27:18,283: INFO: main: *******************]
[2026-09-13 20:27:18,283: INFO: main: >>>>>> stage Training started <<<<<<]
[2026-09-13 20:27:18,286: INFO: common: yaml file: config\config.yaml loaded successfully]
[2026-09-13 20:27:18,290: INFO: common: yaml file: params.yaml loaded successfully]
[2026-09-13 20:27:18,292: INFO: common: created directory at: artifacts]
[2026-09-13 20:27:18,293: ERROR: main: name 'os' is not defined]
Traceback (most recent call last):
  File "C:\ALI\Kidney-Disease-Classification-Deep-Learning-Project\main.py", line 36, in <module>
    model_trainer.main()
  File "C:\ALI\Kidney-Disease-Classification-Deep-Learning-Project\src\cnnClassifier\pipeline\stage_03_model_training.py", line 17, in main
    training_config = config.get_training_config()
                      ^^^^^^^^^^^^^^^^^^^^^^^^^^^^
  File "C:\ALI\Kidney-Disease-Classification-Deep-Learning-Project\src\cnnClassifier\config\configuration.py", line 58, in get_training_config
    training_data = os.path.join(self.config.data_ingestion.unzip_dir, "kidney-ct-scan-image")
                    ^^
NameError: name 'os' is not defined
[2026-09-13 20:28:26,115: INFO: __init__: Logging setup successfully complete ho gaya hai!]
[2026-09-13 20:28:27,359: INFO: common: yaml file: config\config.yaml loaded successfully]
[2026-09-13 20:28:27,364: INFO: common: yaml file: params.yaml loaded successfully]
[2026-09-13 20:28:27,368: INFO: common: created directory at: artifacts]
[2026-09-13 20:28:27,370: INFO: common: created directory at: artifacts\training]
[2026-09-13 20:29:11,659: INFO: __init__: Logging setup successfully complete ho gaya hai!]
[2026-09-13 20:29:30,711: INFO: main: >>>>>> stage Data Ingestion satge started <<<<<<]
[2026-09-13 20:29:30,716: INFO: common: yaml file: config\config.yaml loaded successfully]
[2026-09-13 20:29:30,720: INFO: common: yaml file: params.yaml loaded successfully]
[2026-09-13 20:29:30,723: INFO: common: created directory at: artifacts]
[2026-09-13 20:29:30,726: INFO: common: created directory at: artifacts/data_ingestion]
[2026-09-13 20:29:30,728: INFO: data_ingestion: Downloading data from https://drive.google.com/file/d/1vlhZ5c7abUKF8xXERIw6m9Te8fW7ohw3/view?usp=sharing into file artifacts/data_ingestion/data.zip]
[2026-09-13 20:29:42,995: INFO: data_ingestion: Downloaded data from https://drive.google.com/file/d/1vlhZ5c7abUKF8xXERIw6m9Te8fW7ohw3/view?usp=sharing into file artifacts/data_ingestion/data.zip]
[2026-09-13 20:29:45,232: INFO: main: >>>>>> stage Data Ingestion satge completed <<<<<<

x==========x]
[2026-09-13 20:29:45,232: INFO: main: *******************]
[2026-09-13 20:29:45,233: INFO: main: >>>>>> stage Prepare base model started <<<<<<]
[2026-09-13 20:29:45,236: INFO: common: yaml file: config\config.yaml loaded successfully]
[2026-09-13 20:29:45,239: INFO: common: yaml file: params.yaml loaded successfully]
[2026-09-13 20:29:45,241: INFO: common: created directory at: artifacts]
[2026-09-13 20:29:45,244: INFO: common: created directory at: artifacts/prepare_base_model]
[2026-09-13 20:29:46,276: WARNING: saving_utils: Compiled the loaded model, but the compiled metrics have yet to be built. `model.compile_metrics` will be empty until you train or evaluate the model.]
[2026-09-13 20:29:46,865: INFO: main: >>>>>> stage Prepare base model completed <<<<<<

x==========x]
[2026-09-13 20:29:46,866: INFO: main: *******************]
[2026-09-13 20:29:46,866: INFO: main: >>>>>> stage Training started <<<<<<]
[2026-09-13 20:29:46,871: INFO: common: yaml file: config\config.yaml loaded successfully]
[2026-09-13 20:29:46,874: INFO: common: yaml file: params.yaml loaded successfully]
[2026-09-13 20:29:46,877: INFO: common: created directory at: artifacts]
[2026-09-13 20:29:46,879: INFO: common: created directory at: artifacts\training]
[2026-09-13 20:32:05,338: INFO: main: >>>>>> stage Training completed <<<<<<

x==========x]
